// Jest Snapshot v1, https://goo.gl/fbAQLP

exports[`<App /> snapshot renders 1`] = `
<div
  className="container-fluid"
>
  <h1
    className=" mt-1"
  >
    Hacker News App
  </h1>
  <hr />
  <div
    className="spinner-border"
  />
</div>
`;
